// Jest Snapshot v1, https://goo.gl/fbAQLP

exports[`renders the button component 1`] = `
<div>
  <button
    class="button"
  >
    New York
  </button>
</div>
`;
