// Jest Snapshot v1, https://goo.gl/fbAQLP

exports[`renders the component 1`] = `
<div>
  <div>
    <button
      class="button"
      data-testid="show-filters"
    >
      <svg
        fill="none"
        height="1em"
        stroke="currentColor"
        stroke-linecap="round"
        stroke-linejoin="round"
        stroke-width="2"
        viewBox="0 0 24 24"
        width="1em"
        xmlns="http://www.w3.org/2000/svg"
      >
        <rect
          height="14"
          rx="7"
          ry="7"
          width="22"
          x="1"
          y="5"
        />
        <circle
          cx="16"
          cy="12"
          r="3"
        />
      </svg>
       
      <div
        class="filter-label"
      >
        Hide Filters
      </div>
    </button>
  </div>
</div>
`;
