// Jest Snapshot v1, https://goo.gl/fbAQLP

exports[`renders the component 1`] = `
<div>
  <div>
    Loading component...
  </div>
</div>
`;

exports[`renders the component 2`] = `
<div>
  <form>
    <div
      class="form-item"
    >
      <input
        name="username"
        placeholder="username"
        type="text"
      />
    </div>
    <div
      class="form-item"
    >
      <input
        name="password"
        placeholder="password"
        type="password"
      />
    </div>
    <button
      class="button"
      type="submit"
    >
      <svg
        fill="none"
        height="1em"
        stroke="currentColor"
        stroke-linecap="round"
        stroke-linejoin="round"
        stroke-width="2"
        viewBox="0 0 24 24"
        width="1em"
        xmlns="http://www.w3.org/2000/svg"
      >
        <path
          d="M15 3h4a2 2 0 0 1 2 2v14a2 2 0 0 1-2 2h-4"
        />
        <polyline
          points="10 17 15 12 10 7"
        />
        <line
          x1="15"
          x2="3"
          y1="12"
          y2="12"
        />
      </svg>
          Login
    </button>
  </form>
</div>
`;
