// Jest Snapshot v1, https://goo.gl/fbAQLP

exports[`renders the component 1`] = `
<div>
  <header>
    <ul
      class="navigation"
    >
      <li>
        <a
          activeclassname="active"
          aria-current="page"
          class="button active"
          href="/"
        >
          <svg
            fill="none"
            height="1em"
            stroke="currentColor"
            stroke-linecap="round"
            stroke-linejoin="round"
            stroke-width="2"
            viewBox="0 0 24 24"
            width="1em"
            xmlns="http://www.w3.org/2000/svg"
          >
            <path
              d="M3 9l9-7 9 7v11a2 2 0 0 1-2 2H5a2 2 0 0 1-2-2z"
            />
            <polyline
              points="9 22 9 12 15 12 15 22"
            />
          </svg>
           
          <span>
            Home
          </span>
        </a>
      </li>
      <li>
        <a
          activeclassname="active"
          class="button"
          href="/login"
        >
          <svg
            fill="none"
            height="1em"
            stroke="currentColor"
            stroke-linecap="round"
            stroke-linejoin="round"
            stroke-width="2"
            viewBox="0 0 24 24"
            width="1em"
            xmlns="http://www.w3.org/2000/svg"
          >
            <path
              d="M15 3h4a2 2 0 0 1 2 2v14a2 2 0 0 1-2 2h-4"
            />
            <polyline
              points="10 17 15 12 10 7"
            />
            <line
              x1="15"
              x2="3"
              y1="12"
              y2="12"
            />
          </svg>
           
          <span>
            Login
          </span>
        </a>
      </li>
    </ul>
  </header>
</div>
`;
