// Jest Snapshot v1, https://goo.gl/fbAQLP

exports[`renders the component 1`] = `
<div>
  <div>
    Loading component...
  </div>
</div>
`;

exports[`renders the component 2`] = `
<div>
  <div>
    <div>
      <button
        class="button"
        data-testid="show-filters"
      >
        <svg
          fill="none"
          height="1em"
          stroke="currentColor"
          stroke-linecap="round"
          stroke-linejoin="round"
          stroke-width="2"
          viewBox="0 0 24 24"
          width="1em"
          xmlns="http://www.w3.org/2000/svg"
        >
          <rect
            height="14"
            rx="7"
            ry="7"
            width="22"
            x="1"
            y="5"
          />
          <circle
            cx="16"
            cy="12"
            r="3"
          />
        </svg>
         
        <div
          class="filter-label"
        >
          Hide Filters
        </div>
      </button>
    </div>
    <div
      data-testid="session"
    >
      <section
        class="session-item"
        data-testid="session-item"
      >
        <h4
          class="session-title"
          data-testid="session-title"
        >
          <a
            href="/017a6b73-fdcb-473f-aa49-8ae0073ab076"
          >
            a
          </a>
          <span
            class="session-length"
          >
            25
             minutes
          </span>
        </h4>
        <div
          class="session-meta"
        >
          <p
            class="session-room"
            data-testid="session-room"
          >
            room1
          </p>
          <span
            class="spacer"
          >
            •
          </span>
          <p
            class="session-date"
            data-testid="session-date"
          >
            2019-07-09T00:01:00+00:00
          </p>
          <span
            class="spacer"
          >
            •
          </span>
          <p
            class="session-category"
            data-testid="session-category"
          >
            Decoupled Drupal
          </p>
        </div>
        <ul
          class="session-speakers"
          data-testid="session-speakers"
        >
          <li>
            <p>
              Bassam Ismail
               
              (Axelerant)
            </p>
          </li>
        </ul>
      </section>
      <section
        class="session-item"
        data-testid="session-item"
      >
        <h4
          class="session-title"
          data-testid="session-title"
        >
          <a
            href="/8a940125-c1ab-40f0-abfb-c45ee7a926a0"
          >
            edit
          </a>
          <span
            class="session-length"
          >
            25
             minutes
          </span>
        </h4>
        <div
          class="session-meta"
        >
          <p
            class="session-room"
            data-testid="session-room"
          >
            room2
          </p>
          <span
            class="spacer"
          >
            •
          </span>
          <p
            class="session-date"
            data-testid="session-date"
          >
            2019-07-10T01:01:00+00:00
          </p>
          <span
            class="spacer"
          >
            •
          </span>
          <p
            class="session-category"
            data-testid="session-category"
          >
            JavaScript and JAMstack
          </p>
        </div>
        <ul
          class="session-speakers"
          data-testid="session-speakers"
        >
          <li>
            <p>
              Bassam Ismail
               
              (Axelerant)
            </p>
          </li>
        </ul>
      </section>
      <section
        class="session-item"
        data-testid="session-item"
      >
        <h4
          class="session-title"
          data-testid="session-title"
        >
          <a
            href="/10ba43a8-f0ef-4e8c-8954-77caf2261833"
          >
            3
          </a>
          <span
            class="session-length"
          >
            50
             minutes
          </span>
        </h4>
        <div
          class="session-meta"
        >
          <p
            class="session-room"
            data-testid="session-room"
          >
            room3
          </p>
          <span
            class="spacer"
          >
            •
          </span>
          <p
            class="session-date"
            data-testid="session-date"
          >
            3333-03-31T03:03:00+00:00
          </p>
          <span
            class="spacer"
          >
            •
          </span>
          <p
            class="session-category"
            data-testid="session-category"
          >
            JavaScript and JAMstack
          </p>
        </div>
        <ul
          class="session-speakers"
          data-testid="session-speakers"
        >
          <li>
            <p>
               
            </p>
          </li>
        </ul>
      </section>
      <section
        class="session-item"
        data-testid="session-item"
      >
        <h4
          class="session-title"
          data-testid="session-title"
        >
          <a
            href="/8f462bbf-193e-401e-a02d-cdb4e51d0946"
          >
            Hello
          </a>
          <span
            class="session-length"
          >
            50
             minutes
          </span>
        </h4>
        <div
          class="session-meta"
        >
          <p
            class="session-room"
            data-testid="session-room"
          >
            room1
          </p>
          <span
            class="spacer"
          >
            •
          </span>
          <p
            class="session-date"
            data-testid="session-date"
          >
            2019-07-17T01:02:00+00:00
          </p>
          <span
            class="spacer"
          >
            •
          </span>
          <p
            class="session-category"
            data-testid="session-category"
          >
            JavaScript and JAMstack
          </p>
        </div>
        <ul
          class="session-speakers"
          data-testid="session-speakers"
        >
          <li>
            <p>
              Bassam Ismail
               
              (Axelerant)
            </p>
          </li>
        </ul>
      </section>
    </div>
  </div>
</div>
`;
