// Jest Snapshot v1, https://goo.gl/fbAQLP

exports[`renders the component 1`] = `
<div>
  <form>
    <div
      class="form-item"
    >
      <label
        for="title"
      >
        Title
      </label>
      <input
        id="title"
        name="title"
        value=""
      />
    </div>
    <div
      class="form-item"
    >
      <label
        for="body"
      >
        Body
      </label>
      <textarea
        data-testid="textarea"
      />
      <div
        data-testid="textarea-value"
      />
    </div>
    <div
      class="form-wrapper"
    >
      <div
        class="form-item"
      >
        <label
          for="room"
        >
          Room
        </label>
        <select
          id="room"
          name="room"
        >
          <option
            value="room1"
          >
            Room 1
          </option>
          <option
            value="room2"
          >
            Room 2
          </option>
          <option
            value="room3"
          >
            Room 3
          </option>
          <option
            value="room4"
          >
            Room 4
          </option>
        </select>
      </div>
      <div
        class="form-item"
      >
        <label
          for="date"
        >
          Date
        </label>
        <input
          id="date"
          name="date"
          type="date"
          value=""
        />
      </div>
      <div
        class="form-item"
      >
        <label
          for="time"
        >
          Time
        </label>
        <input
          id="time"
          name="time"
          step="1"
          type="time"
          value=""
        />
      </div>
      <div
        class="form-item"
      >
        <label
          for="slength"
        >
          sLength
        </label>
        <select
          id="slength"
          name="slength"
          required=""
        >
          <option
            value="25"
          >
            25
          </option>
          <option
            value="50"
          >
            50
          </option>
        </select>
      </div>
      <div
        class="form-item"
      >
        <label
          for="category"
        >
          Category
        </label>
        <select
          id="category"
          name="category"
          required=""
        >
          <option
            selected=""
            value="5f4c52c0-1e35-4b5f-913a-19af9be63843"
          >
            Decoupled Drupal
          </option>
          <option
            value="67c27c5c-89dd-4de7-a97a-ac25d47442a4"
          >
            JavaScript and JAMstack
          </option>
        </select>
      </div>
      <div
        class="form-item"
      >
        <label
          for="speakers"
        >
          Speakers
        </label>
        <select
          data-testid="select"
          multiple=""
        >
           
          <option
            value="7b06fc8c-4038-49f8-97b1-e4b965214489"
          >
             Anonymous 
          </option>
          <option
            value="e2a46742-c456-4de1-965f-1458f9fcede7"
          >
             Bassam Ismail 
          </option>
          <option
            value="bf24350e-acd0-4f34-b686-b005b94e3157"
          >
             Bassam Ismail 
          </option>
           
        </select>
        <div
          data-testid="select-value"
        />
      </div>
    </div>
    <button
      class="button"
      type="submit"
    >
      <svg
        fill="none"
        height="1em"
        stroke="currentColor"
        stroke-linecap="round"
        stroke-linejoin="round"
        stroke-width="2"
        viewBox="0 0 24 24"
        width="1em"
        xmlns="http://www.w3.org/2000/svg"
      >
        <circle
          cx="12"
          cy="12"
          r="10"
        />
        <line
          x1="12"
          x2="12"
          y1="8"
          y2="16"
        />
        <line
          x1="8"
          x2="16"
          y1="12"
          y2="12"
        />
      </svg>
         Create
    </button>
  </form>
</div>
`;
